package global

func dontImportPackage() {
	header.Get("Test-Header") // want `use "Test-Header" instead of "Test-HEader"`
}
