// Code generated by initialismer; DO NOT EDIT.
package initialism

import "net/http"

func _() {
	h := http.Header{}

	h.Get("A-IM")                              // want `use "A-IM" instead of "A-Im"`
	h.Get("Accept-CH")                         // want `use "Accept-CH" instead of "Accept-Ch"`
	h.Get("ALPN")                              // want `use "ALPN" instead of "Alpn"`
	h.Get("AMP-Cache-Transform")               // want `use "AMP-Cache-Transform" instead of "Amp-Cache-Transform"`
	h.Get("C-PEP")                             // want `use "C-PEP" instead of "C-Pep"`
	h.Get("C-PEP-Info")                        // want `use "C-PEP-Info" instead of "C-Pep-Info"`
	h.Get("Cal-Managed-ID")                    // want `use "Cal-Managed-ID" instead of "Cal-Managed-Id"`
	h.Get("CalDAV-Timezones")                  // want `use "CalDAV-Timezones" instead of "Caldav-Timezones"`
	h.Get("CDN-Cache-Control")                 // want `use "CDN-Cache-Control" instead of "Cdn-Cache-Control"`
	h.Get("CDN-Loop")                          // want `use "CDN-Loop" instead of "Cdn-Loop"`
	h.Get("Content-ID")                        // want `use "Content-ID" instead of "Content-Id"`
	h.Get("Content-MD5")                       // want `use "Content-MD5" instead of "Content-Md5"`
	h.Get("DASL")                              // want `use "DASL" instead of "Dasl"`
	h.Get("DAV")                               // want `use "DAV" instead of "Dav"`
	h.Get("Differential-ID")                   // want `use "Differential-ID" instead of "Differential-Id"`
	h.Get("DNT")                               // want `use "DNT" instead of "Dnt"`
	h.Get("DPoP")                              // want `use "DPoP" instead of "Dpop"`
	h.Get("DPoP-Nonce")                        // want `use "DPoP-Nonce" instead of "Dpop-Nonce"`
	h.Get("EDIINT-Features")                   // want `use "EDIINT-Features" instead of "Ediint-Features"`
	h.Get("ETag")                              // want `use "ETag" instead of "Etag"`
	h.Get("Expect-CT")                         // want `use "Expect-CT" instead of "Expect-Ct"`
	h.Get("GetProfile")                        // want `use "GetProfile" instead of "Getprofile"`
	h.Get("HTTP2-Settings")                    // want `use "HTTP2-Settings" instead of "Http2-Settings"`
	h.Get("IM")                                // want `use "IM" instead of "Im"`
	h.Get("Include-Referred-Token-Binding-ID") // want `use "Include-Referred-Token-Binding-ID" instead of "Include-Referred-Token-Binding-Id"`
	h.Get("Last-Event-ID")                     // want `use "Last-Event-ID" instead of "Last-Event-Id"`
	h.Get("MIME-Version")                      // want `use "MIME-Version" instead of "Mime-Version"`
	h.Get("NEL")                               // want `use "NEL" instead of "Nel"`
	h.Get("OData-EntityId")                    // want `use "OData-EntityId" instead of "Odata-Entityid"`
	h.Get("OData-Isolation")                   // want `use "OData-Isolation" instead of "Odata-Isolation"`
	h.Get("OData-MaxVersion")                  // want `use "OData-MaxVersion" instead of "Odata-Maxversion"`
	h.Get("OData-Version")                     // want `use "OData-Version" instead of "Odata-Version"`
	h.Get("Optional-WWW-Authenticate")         // want `use "Optional-WWW-Authenticate" instead of "Optional-Www-Authenticate"`
	h.Get("OSCORE")                            // want `use "OSCORE" instead of "Oscore"`
	h.Get("OSLC-Core-Version")                 // want `use "OSLC-Core-Version" instead of "Oslc-Core-Version"`
	h.Get("P3P")                               // want `use "P3P" instead of "P3p"`
	h.Get("PEP")                               // want `use "PEP" instead of "Pep"`
	h.Get("PEP-Info")                          // want `use "PEP-Info" instead of "Pep-Info"`
	h.Get("PICS-Label")                        // want `use "PICS-Label" instead of "Pics-Label"`
	h.Get("ProfileObject")                     // want `use "ProfileObject" instead of "Profileobject"`
	h.Get("Repeatability-Client-ID")           // want `use "Repeatability-Client-ID" instead of "Repeatability-Client-Id"`
	h.Get("Repeatability-Request-ID")          // want `use "Repeatability-Request-ID" instead of "Repeatability-Request-Id"`
	h.Get("Sec-GPC")                           // want `use "Sec-GPC" instead of "Sec-Gpc"`
	h.Get("Sec-WebSocket-Accept")              // want `use "Sec-WebSocket-Accept" instead of "Sec-Websocket-Accept"`
	h.Get("Sec-WebSocket-Extensions")          // want `use "Sec-WebSocket-Extensions" instead of "Sec-Websocket-Extensions"`
	h.Get("Sec-WebSocket-Key")                 // want `use "Sec-WebSocket-Key" instead of "Sec-Websocket-Key"`
	h.Get("Sec-WebSocket-Protocol")            // want `use "Sec-WebSocket-Protocol" instead of "Sec-Websocket-Protocol"`
	h.Get("Sec-WebSocket-Version")             // want `use "Sec-WebSocket-Version" instead of "Sec-Websocket-Version"`
	h.Get("SetProfile")                        // want `use "SetProfile" instead of "Setprofile"`
	h.Get("SLUG")                              // want `use "SLUG" instead of "Slug"`
	h.Get("SoapAction")                        // want `use "SoapAction" instead of "Soapaction"`
	h.Get("Status-URI")                        // want `use "Status-URI" instead of "Status-Uri"`
	h.Get("TCN")                               // want `use "TCN" instead of "Tcn"`
	h.Get("TE")                                // want `use "TE" instead of "Te"`
	h.Get("TTL")                               // want `use "TTL" instead of "Ttl"`
	h.Get("URI")                               // want `use "URI" instead of "Uri"`
	h.Get("WWW-Authenticate")                  // want `use "WWW-Authenticate" instead of "Www-Authenticate"`
	h.Get("X-Correlation-ID")                  // want `use "X-Correlation-ID" instead of "X-Correlation-Id"`
	h.Get("X-DNS-Prefetch-Control")            // want `use "X-DNS-Prefetch-Control" instead of "X-Dns-Prefetch-Control"`
	h.Get("X-Real-IP")                         // want `use "X-Real-IP" instead of "X-Real-Ip"`
	h.Get("X-Request-ID")                      // want `use "X-Request-ID" instead of "X-Request-Id"`
	h.Get("X-UA-Compatible")                   // want `use "X-UA-Compatible" instead of "X-Ua-Compatible"`
	h.Get("X-WebKit-CSP")                      // want `use "X-WebKit-CSP" instead of "X-Webkit-Csp"`
	h.Get("X-XSS")                             // want `use "X-XSS" instead of "X-Xss"`
	h.Get("X-XSS-Protection")                  // want `use "X-XSS-Protection" instead of "X-Xss-Protection"`
}
